0
1
2
3
4
5
6
7
8
9
\[CnC\] Canceled step \(1\)
\[CnC\] Canceled step \(103\)
\[CnC\] Canceled step \(104\)
\[CnC\] Canceled step \(108\)
\[CnC\] Canceled step \(109\)
\[CnC\] Canceled step \(3\)
\[CnC\] Canceled step \(5\)
\[CnC\] Canceled step \(7\)
\[CnC\] Canceled step \(9\)
\[CnC\] End step \(0\)
\[CnC\] End step \(0\)
\[CnC\] End step \(1\)
\[CnC\] End step \(100\)
\[CnC\] End step \(101\)
\[CnC\] End step \(102\)
\[CnC\] End step \(105\)
\[CnC\] End step \(106\)
\[CnC\] End step \(107\)
\[CnC\] End step \(2\)
\[CnC\] End step \(2\)
\[CnC\] End step \(3\)
\[CnC\] End step \(4\)
\[CnC\] End step \(4\)
\[CnC\] End step \(5\)
\[CnC\] End step \(6\)
\[CnC\] End step \(6\)
\[CnC\] End step \(7\)
\[CnC\] End step \(8\)
\[CnC\] End step \(8\)
\[CnC\] End step \(9\)
\[CnC\] Start step \(0\)
\[CnC\] Start step \(0\)
\[CnC\] Start step \(1\)
\[CnC\] Start step \(100\)
\[CnC\] Start step \(100\)
\[CnC\] Start step \(101\)
\[CnC\] Start step \(101\)
\[CnC\] Start step \(102\)
\[CnC\] Start step \(102\)
\[CnC\] Start step \(103\)
\[CnC\] Start step \(104\)
\[CnC\] Start step \(105\)
\[CnC\] Start step \(105\)
\[CnC\] Start step \(106\)
\[CnC\] Start step \(106\)
\[CnC\] Start step \(107\)
\[CnC\] Start step \(107\)
\[CnC\] Start step \(108\)
\[CnC\] Start step \(109\)
\[CnC\] Start step \(2\)
\[CnC\] Start step \(2\)
\[CnC\] Start step \(3\)
\[CnC\] Start step \(4\)
\[CnC\] Start step \(4\)
\[CnC\] Start step \(5\)
\[CnC\] Start step \(6\)
\[CnC\] Start step \(6\)
\[CnC\] Start step \(7\)
\[CnC\] Start step \(8\)
\[CnC\] Start step \(8\)
\[CnC\] Start step \(9\)
\[CnC\] Suspend step \(100\) -> input item not ready 0
\[CnC\] Suspend step \(101\) -> input item not ready 0
\[CnC\] Suspend step \(102\) -> input item not ready 0
\[CnC\] Suspend step \(103\) -> input item not ready 0
\[CnC\] Suspend step \(104\) -> input item not ready 0
\[CnC\] Suspend step \(105\) -> input item not ready 0
\[CnC\] Suspend step \(106\) -> input item not ready 0
\[CnC\] Suspend step \(107\) -> input item not ready 0
\[CnC\] Suspend step \(108\) -> input item not ready 0
\[CnC\] Suspend step \(109\) -> input item not ready 0
