Steps created\( 66 \)
Steps requeued\( 0 \) resumed\( 100 \)
Steps scheduled\( 96 \) inflight\( 0, 0 \)
\[CnC\] End step Range<step1>\(\[0, 3\[\)
\[CnC\] End step Range<step1>\(\[12, 15\[\)
\[CnC\] End step Range<step1>\(\[15, 18\[\)
\[CnC\] End step Range<step1>\(\[18, 21\[\)
\[CnC\] End step Range<step1>\(\[21, 25\[\)
\[CnC\] End step Range<step1>\(\[25, 28\[\)
\[CnC\] End step Range<step1>\(\[28, 31\[\)
\[CnC\] End step Range<step1>\(\[3, 6\[\)
\[CnC\] End step Range<step1>\(\[31, 34\[\)
\[CnC\] End step Range<step1>\(\[34, 37\[\)
\[CnC\] End step Range<step1>\(\[37, 40\[\)
\[CnC\] End step Range<step1>\(\[40, 43\[\)
\[CnC\] End step Range<step1>\(\[43, 46\[\)
\[CnC\] End step Range<step1>\(\[46, 50\[\)
\[CnC\] End step Range<step1>\(\[50, 53\[\)
\[CnC\] End step Range<step1>\(\[53, 56\[\)
\[CnC\] End step Range<step1>\(\[56, 59\[\)
\[CnC\] End step Range<step1>\(\[59, 62\[\)
\[CnC\] End step Range<step1>\(\[6, 9\[\)
\[CnC\] End step Range<step1>\(\[62, 65\[\)
\[CnC\] End step Range<step1>\(\[65, 68\[\)
\[CnC\] End step Range<step1>\(\[68, 71\[\)
\[CnC\] End step Range<step1>\(\[71, 75\[\)
\[CnC\] End step Range<step1>\(\[75, 78\[\)
\[CnC\] End step Range<step1>\(\[78, 81\[\)
\[CnC\] End step Range<step1>\(\[81, 84\[\)
\[CnC\] End step Range<step1>\(\[84, 87\[\)
\[CnC\] End step Range<step1>\(\[87, 90\[\)
\[CnC\] End step Range<step1>\(\[9, 12\[\)
\[CnC\] End step Range<step1>\(\[90, 93\[\)
\[CnC\] End step Range<step1>\(\[93, 96\[\)
\[CnC\] End step Range<step1>\(\[96, 100\[\)
\[CnC\] End step Range<step2>\(\[0, 3\[\)
\[CnC\] End step Range<step2>\(\[12, 15\[\)
\[CnC\] End step Range<step2>\(\[15, 18\[\)
\[CnC\] End step Range<step2>\(\[18, 21\[\)
\[CnC\] End step Range<step2>\(\[21, 25\[\)
\[CnC\] End step Range<step2>\(\[25, 28\[\)
\[CnC\] End step Range<step2>\(\[28, 31\[\)
\[CnC\] End step Range<step2>\(\[3, 6\[\)
\[CnC\] End step Range<step2>\(\[31, 34\[\)
\[CnC\] End step Range<step2>\(\[34, 37\[\)
\[CnC\] End step Range<step2>\(\[37, 40\[\)
\[CnC\] End step Range<step2>\(\[40, 43\[\)
\[CnC\] End step Range<step2>\(\[43, 46\[\)
\[CnC\] End step Range<step2>\(\[46, 50\[\)
\[CnC\] End step Range<step2>\(\[50, 53\[\)
\[CnC\] End step Range<step2>\(\[53, 56\[\)
\[CnC\] End step Range<step2>\(\[56, 59\[\)
\[CnC\] End step Range<step2>\(\[59, 62\[\)
\[CnC\] End step Range<step2>\(\[6, 9\[\)
\[CnC\] End step Range<step2>\(\[62, 65\[\)
\[CnC\] End step Range<step2>\(\[65, 68\[\)
\[CnC\] End step Range<step2>\(\[68, 71\[\)
\[CnC\] End step Range<step2>\(\[71, 75\[\)
\[CnC\] End step Range<step2>\(\[75, 78\[\)
\[CnC\] End step Range<step2>\(\[78, 81\[\)
\[CnC\] End step Range<step2>\(\[81, 84\[\)
\[CnC\] End step Range<step2>\(\[84, 87\[\)
\[CnC\] End step Range<step2>\(\[87, 90\[\)
\[CnC\] End step Range<step2>\(\[9, 12\[\)
\[CnC\] End step Range<step2>\(\[90, 93\[\)
\[CnC\] End step Range<step2>\(\[93, 96\[\)
\[CnC\] End step Range<step2>\(\[96, 100\[\)
\[CnC\] End step step1\(0\)
\[CnC\] End step step1\(1\)
\[CnC\] End step step1\(10\)
\[CnC\] End step step1\(11\)
\[CnC\] End step step1\(12\)
\[CnC\] End step step1\(13\)
\[CnC\] End step step1\(14\)
\[CnC\] End step step1\(15\)
\[CnC\] End step step1\(16\)
\[CnC\] End step step1\(17\)
\[CnC\] End step step1\(18\)
\[CnC\] End step step1\(19\)
\[CnC\] End step step1\(2\)
\[CnC\] End step step1\(20\)
\[CnC\] End step step1\(21\)
\[CnC\] End step step1\(22\)
\[CnC\] End step step1\(23\)
\[CnC\] End step step1\(24\)
\[CnC\] End step step1\(25\)
\[CnC\] End step step1\(26\)
\[CnC\] End step step1\(27\)
\[CnC\] End step step1\(28\)
\[CnC\] End step step1\(29\)
\[CnC\] End step step1\(3\)
\[CnC\] End step step1\(30\)
\[CnC\] End step step1\(31\)
\[CnC\] End step step1\(32\)
\[CnC\] End step step1\(33\)
\[CnC\] End step step1\(34\)
\[CnC\] End step step1\(35\)
\[CnC\] End step step1\(36\)
\[CnC\] End step step1\(37\)
\[CnC\] End step step1\(38\)
\[CnC\] End step step1\(39\)
\[CnC\] End step step1\(4\)
\[CnC\] End step step1\(40\)
\[CnC\] End step step1\(41\)
\[CnC\] End step step1\(42\)
\[CnC\] End step step1\(43\)
\[CnC\] End step step1\(44\)
\[CnC\] End step step1\(45\)
\[CnC\] End step step1\(46\)
\[CnC\] End step step1\(47\)
\[CnC\] End step step1\(48\)
\[CnC\] End step step1\(49\)
\[CnC\] End step step1\(5\)
\[CnC\] End step step1\(50\)
\[CnC\] End step step1\(51\)
\[CnC\] End step step1\(52\)
\[CnC\] End step step1\(53\)
\[CnC\] End step step1\(54\)
\[CnC\] End step step1\(55\)
\[CnC\] End step step1\(56\)
\[CnC\] End step step1\(57\)
\[CnC\] End step step1\(58\)
\[CnC\] End step step1\(59\)
\[CnC\] End step step1\(6\)
\[CnC\] End step step1\(60\)
\[CnC\] End step step1\(61\)
\[CnC\] End step step1\(62\)
\[CnC\] End step step1\(63\)
\[CnC\] End step step1\(64\)
\[CnC\] End step step1\(65\)
\[CnC\] End step step1\(66\)
\[CnC\] End step step1\(67\)
\[CnC\] End step step1\(68\)
\[CnC\] End step step1\(69\)
\[CnC\] End step step1\(7\)
\[CnC\] End step step1\(70\)
\[CnC\] End step step1\(71\)
\[CnC\] End step step1\(72\)
\[CnC\] End step step1\(73\)
\[CnC\] End step step1\(74\)
\[CnC\] End step step1\(75\)
\[CnC\] End step step1\(76\)
\[CnC\] End step step1\(77\)
\[CnC\] End step step1\(78\)
\[CnC\] End step step1\(79\)
\[CnC\] End step step1\(8\)
\[CnC\] End step step1\(80\)
\[CnC\] End step step1\(81\)
\[CnC\] End step step1\(82\)
\[CnC\] End step step1\(83\)
\[CnC\] End step step1\(84\)
\[CnC\] End step step1\(85\)
\[CnC\] End step step1\(86\)
\[CnC\] End step step1\(87\)
\[CnC\] End step step1\(88\)
\[CnC\] End step step1\(89\)
\[CnC\] End step step1\(9\)
\[CnC\] End step step1\(90\)
\[CnC\] End step step1\(91\)
\[CnC\] End step step1\(92\)
\[CnC\] End step step1\(93\)
\[CnC\] End step step1\(94\)
\[CnC\] End step step1\(95\)
\[CnC\] End step step1\(96\)
\[CnC\] End step step1\(97\)
\[CnC\] End step step1\(98\)
\[CnC\] End step step1\(99\)
\[CnC\] End step step2\(0\)
\[CnC\] End step step2\(1\)
\[CnC\] End step step2\(10\)
\[CnC\] End step step2\(11\)
\[CnC\] End step step2\(12\)
\[CnC\] End step step2\(13\)
\[CnC\] End step step2\(14\)
\[CnC\] End step step2\(15\)
\[CnC\] End step step2\(16\)
\[CnC\] End step step2\(17\)
\[CnC\] End step step2\(18\)
\[CnC\] End step step2\(19\)
\[CnC\] End step step2\(2\)
\[CnC\] End step step2\(20\)
\[CnC\] End step step2\(21\)
\[CnC\] End step step2\(22\)
\[CnC\] End step step2\(23\)
\[CnC\] End step step2\(24\)
\[CnC\] End step step2\(25\)
\[CnC\] End step step2\(26\)
\[CnC\] End step step2\(27\)
\[CnC\] End step step2\(28\)
\[CnC\] End step step2\(29\)
\[CnC\] End step step2\(3\)
\[CnC\] End step step2\(30\)
\[CnC\] End step step2\(31\)
\[CnC\] End step step2\(32\)
\[CnC\] End step step2\(33\)
\[CnC\] End step step2\(34\)
\[CnC\] End step step2\(35\)
\[CnC\] End step step2\(36\)
\[CnC\] End step step2\(37\)
\[CnC\] End step step2\(38\)
\[CnC\] End step step2\(39\)
\[CnC\] End step step2\(4\)
\[CnC\] End step step2\(40\)
\[CnC\] End step step2\(41\)
\[CnC\] End step step2\(42\)
\[CnC\] End step step2\(43\)
\[CnC\] End step step2\(44\)
\[CnC\] End step step2\(45\)
\[CnC\] End step step2\(46\)
\[CnC\] End step step2\(47\)
\[CnC\] End step step2\(48\)
\[CnC\] End step step2\(49\)
\[CnC\] End step step2\(5\)
\[CnC\] End step step2\(50\)
\[CnC\] End step step2\(51\)
\[CnC\] End step step2\(52\)
\[CnC\] End step step2\(53\)
\[CnC\] End step step2\(54\)
\[CnC\] End step step2\(55\)
\[CnC\] End step step2\(56\)
\[CnC\] End step step2\(57\)
\[CnC\] End step step2\(58\)
\[CnC\] End step step2\(59\)
\[CnC\] End step step2\(6\)
\[CnC\] End step step2\(60\)
\[CnC\] End step step2\(61\)
\[CnC\] End step step2\(62\)
\[CnC\] End step step2\(63\)
\[CnC\] End step step2\(64\)
\[CnC\] End step step2\(65\)
\[CnC\] End step step2\(66\)
\[CnC\] End step step2\(67\)
\[CnC\] End step step2\(68\)
\[CnC\] End step step2\(69\)
\[CnC\] End step step2\(7\)
\[CnC\] End step step2\(70\)
\[CnC\] End step step2\(71\)
\[CnC\] End step step2\(72\)
\[CnC\] End step step2\(73\)
\[CnC\] End step step2\(74\)
\[CnC\] End step step2\(75\)
\[CnC\] End step step2\(76\)
\[CnC\] End step step2\(77\)
\[CnC\] End step step2\(78\)
\[CnC\] End step step2\(79\)
\[CnC\] End step step2\(8\)
\[CnC\] End step step2\(80\)
\[CnC\] End step step2\(81\)
\[CnC\] End step step2\(82\)
\[CnC\] End step step2\(83\)
\[CnC\] End step step2\(84\)
\[CnC\] End step step2\(85\)
\[CnC\] End step step2\(86\)
\[CnC\] End step step2\(87\)
\[CnC\] End step step2\(88\)
\[CnC\] End step step2\(89\)
\[CnC\] End step step2\(9\)
\[CnC\] End step step2\(90\)
\[CnC\] End step step2\(91\)
\[CnC\] End step step2\(92\)
\[CnC\] End step step2\(93\)
\[CnC\] End step step2\(94\)
\[CnC\] End step step2\(95\)
\[CnC\] End step step2\(96\)
\[CnC\] End step step2\(97\)
\[CnC\] End step step2\(98\)
\[CnC\] End step step2\(99\)
\[CnC\] Start step Range<step1>\(\[0, 3\[\) @0
\[CnC\] Start step Range<step1>\(\[12, 15\[\) @0
\[CnC\] Start step Range<step1>\(\[15, 18\[\) @0
\[CnC\] Start step Range<step1>\(\[18, 21\[\) @0
\[CnC\] Start step Range<step1>\(\[21, 25\[\) @0
\[CnC\] Start step Range<step1>\(\[25, 28\[\) @0
\[CnC\] Start step Range<step1>\(\[28, 31\[\) @0
\[CnC\] Start step Range<step1>\(\[3, 6\[\) @0
\[CnC\] Start step Range<step1>\(\[31, 34\[\) @0
\[CnC\] Start step Range<step1>\(\[34, 37\[\) @0
\[CnC\] Start step Range<step1>\(\[37, 40\[\) @0
\[CnC\] Start step Range<step1>\(\[40, 43\[\) @0
\[CnC\] Start step Range<step1>\(\[43, 46\[\) @0
\[CnC\] Start step Range<step1>\(\[46, 50\[\) @0
\[CnC\] Start step Range<step1>\(\[50, 53\[\) @0
\[CnC\] Start step Range<step1>\(\[53, 56\[\) @0
\[CnC\] Start step Range<step1>\(\[56, 59\[\) @0
\[CnC\] Start step Range<step1>\(\[59, 62\[\) @0
\[CnC\] Start step Range<step1>\(\[6, 9\[\) @0
\[CnC\] Start step Range<step1>\(\[62, 65\[\) @0
\[CnC\] Start step Range<step1>\(\[65, 68\[\) @0
\[CnC\] Start step Range<step1>\(\[68, 71\[\) @0
\[CnC\] Start step Range<step1>\(\[71, 75\[\) @0
\[CnC\] Start step Range<step1>\(\[75, 78\[\) @0
\[CnC\] Start step Range<step1>\(\[78, 81\[\) @0
\[CnC\] Start step Range<step1>\(\[81, 84\[\) @0
\[CnC\] Start step Range<step1>\(\[84, 87\[\) @0
\[CnC\] Start step Range<step1>\(\[87, 90\[\) @0
\[CnC\] Start step Range<step1>\(\[9, 12\[\) @0
\[CnC\] Start step Range<step1>\(\[90, 93\[\) @0
\[CnC\] Start step Range<step1>\(\[93, 96\[\) @0
\[CnC\] Start step Range<step1>\(\[96, 100\[\) @0
\[CnC\] Start step Range<step2>\(\[0, 3\[\) @0
\[CnC\] Start step Range<step2>\(\[12, 15\[\) @0
\[CnC\] Start step Range<step2>\(\[15, 18\[\) @0
\[CnC\] Start step Range<step2>\(\[18, 21\[\) @0
\[CnC\] Start step Range<step2>\(\[21, 25\[\) @0
\[CnC\] Start step Range<step2>\(\[25, 28\[\) @0
\[CnC\] Start step Range<step2>\(\[28, 31\[\) @0
\[CnC\] Start step Range<step2>\(\[3, 6\[\) @0
\[CnC\] Start step Range<step2>\(\[31, 34\[\) @0
\[CnC\] Start step Range<step2>\(\[34, 37\[\) @0
\[CnC\] Start step Range<step2>\(\[37, 40\[\) @0
\[CnC\] Start step Range<step2>\(\[40, 43\[\) @0
\[CnC\] Start step Range<step2>\(\[43, 46\[\) @0
\[CnC\] Start step Range<step2>\(\[46, 50\[\) @0
\[CnC\] Start step Range<step2>\(\[50, 53\[\) @0
\[CnC\] Start step Range<step2>\(\[53, 56\[\) @0
\[CnC\] Start step Range<step2>\(\[56, 59\[\) @0
\[CnC\] Start step Range<step2>\(\[59, 62\[\) @0
\[CnC\] Start step Range<step2>\(\[6, 9\[\) @0
\[CnC\] Start step Range<step2>\(\[62, 65\[\) @0
\[CnC\] Start step Range<step2>\(\[65, 68\[\) @0
\[CnC\] Start step Range<step2>\(\[68, 71\[\) @0
\[CnC\] Start step Range<step2>\(\[71, 75\[\) @0
\[CnC\] Start step Range<step2>\(\[75, 78\[\) @0
\[CnC\] Start step Range<step2>\(\[78, 81\[\) @0
\[CnC\] Start step Range<step2>\(\[81, 84\[\) @0
\[CnC\] Start step Range<step2>\(\[84, 87\[\) @0
\[CnC\] Start step Range<step2>\(\[87, 90\[\) @0
\[CnC\] Start step Range<step2>\(\[9, 12\[\) @0
\[CnC\] Start step Range<step2>\(\[90, 93\[\) @0
\[CnC\] Start step Range<step2>\(\[93, 96\[\) @0
\[CnC\] Start step Range<step2>\(\[96, 100\[\) @0
\[CnC\] Start step step1\(0\) @0
\[CnC\] Start step step1\(1\) @0
\[CnC\] Start step step1\(10\) @0
\[CnC\] Start step step1\(11\) @0
\[CnC\] Start step step1\(12\) @0
\[CnC\] Start step step1\(13\) @0
\[CnC\] Start step step1\(14\) @0
\[CnC\] Start step step1\(15\) @0
\[CnC\] Start step step1\(16\) @0
\[CnC\] Start step step1\(17\) @0
\[CnC\] Start step step1\(18\) @0
\[CnC\] Start step step1\(19\) @0
\[CnC\] Start step step1\(2\) @0
\[CnC\] Start step step1\(20\) @0
\[CnC\] Start step step1\(21\) @0
\[CnC\] Start step step1\(22\) @0
\[CnC\] Start step step1\(23\) @0
\[CnC\] Start step step1\(24\) @0
\[CnC\] Start step step1\(25\) @0
\[CnC\] Start step step1\(26\) @0
\[CnC\] Start step step1\(27\) @0
\[CnC\] Start step step1\(28\) @0
\[CnC\] Start step step1\(29\) @0
\[CnC\] Start step step1\(3\) @0
\[CnC\] Start step step1\(30\) @0
\[CnC\] Start step step1\(31\) @0
\[CnC\] Start step step1\(32\) @0
\[CnC\] Start step step1\(33\) @0
\[CnC\] Start step step1\(34\) @0
\[CnC\] Start step step1\(35\) @0
\[CnC\] Start step step1\(36\) @0
\[CnC\] Start step step1\(37\) @0
\[CnC\] Start step step1\(38\) @0
\[CnC\] Start step step1\(39\) @0
\[CnC\] Start step step1\(4\) @0
\[CnC\] Start step step1\(40\) @0
\[CnC\] Start step step1\(41\) @0
\[CnC\] Start step step1\(42\) @0
\[CnC\] Start step step1\(43\) @0
\[CnC\] Start step step1\(44\) @0
\[CnC\] Start step step1\(45\) @0
\[CnC\] Start step step1\(46\) @0
\[CnC\] Start step step1\(47\) @0
\[CnC\] Start step step1\(48\) @0
\[CnC\] Start step step1\(49\) @0
\[CnC\] Start step step1\(5\) @0
\[CnC\] Start step step1\(50\) @0
\[CnC\] Start step step1\(51\) @0
\[CnC\] Start step step1\(52\) @0
\[CnC\] Start step step1\(53\) @0
\[CnC\] Start step step1\(54\) @0
\[CnC\] Start step step1\(55\) @0
\[CnC\] Start step step1\(56\) @0
\[CnC\] Start step step1\(57\) @0
\[CnC\] Start step step1\(58\) @0
\[CnC\] Start step step1\(59\) @0
\[CnC\] Start step step1\(6\) @0
\[CnC\] Start step step1\(60\) @0
\[CnC\] Start step step1\(61\) @0
\[CnC\] Start step step1\(62\) @0
\[CnC\] Start step step1\(63\) @0
\[CnC\] Start step step1\(64\) @0
\[CnC\] Start step step1\(65\) @0
\[CnC\] Start step step1\(66\) @0
\[CnC\] Start step step1\(67\) @0
\[CnC\] Start step step1\(68\) @0
\[CnC\] Start step step1\(69\) @0
\[CnC\] Start step step1\(7\) @0
\[CnC\] Start step step1\(70\) @0
\[CnC\] Start step step1\(71\) @0
\[CnC\] Start step step1\(72\) @0
\[CnC\] Start step step1\(73\) @0
\[CnC\] Start step step1\(74\) @0
\[CnC\] Start step step1\(75\) @0
\[CnC\] Start step step1\(76\) @0
\[CnC\] Start step step1\(77\) @0
\[CnC\] Start step step1\(78\) @0
\[CnC\] Start step step1\(79\) @0
\[CnC\] Start step step1\(8\) @0
\[CnC\] Start step step1\(80\) @0
\[CnC\] Start step step1\(81\) @0
\[CnC\] Start step step1\(82\) @0
\[CnC\] Start step step1\(83\) @0
\[CnC\] Start step step1\(84\) @0
\[CnC\] Start step step1\(85\) @0
\[CnC\] Start step step1\(86\) @0
\[CnC\] Start step step1\(87\) @0
\[CnC\] Start step step1\(88\) @0
\[CnC\] Start step step1\(89\) @0
\[CnC\] Start step step1\(9\) @0
\[CnC\] Start step step1\(90\) @0
\[CnC\] Start step step1\(91\) @0
\[CnC\] Start step step1\(92\) @0
\[CnC\] Start step step1\(93\) @0
\[CnC\] Start step step1\(94\) @0
\[CnC\] Start step step1\(95\) @0
\[CnC\] Start step step1\(96\) @0
\[CnC\] Start step step1\(97\) @0
\[CnC\] Start step step1\(98\) @0
\[CnC\] Start step step1\(99\) @0
\[CnC\] Start step step2\(0\) @0
\[CnC\] Start step step2\(1\) @0
\[CnC\] Start step step2\(10\) @0
\[CnC\] Start step step2\(11\) @0
\[CnC\] Start step step2\(12\) @0
\[CnC\] Start step step2\(13\) @0
\[CnC\] Start step step2\(14\) @0
\[CnC\] Start step step2\(15\) @0
\[CnC\] Start step step2\(16\) @0
\[CnC\] Start step step2\(17\) @0
\[CnC\] Start step step2\(18\) @0
\[CnC\] Start step step2\(19\) @0
\[CnC\] Start step step2\(2\) @0
\[CnC\] Start step step2\(20\) @0
\[CnC\] Start step step2\(21\) @0
\[CnC\] Start step step2\(22\) @0
\[CnC\] Start step step2\(23\) @0
\[CnC\] Start step step2\(24\) @0
\[CnC\] Start step step2\(25\) @0
\[CnC\] Start step step2\(26\) @0
\[CnC\] Start step step2\(27\) @0
\[CnC\] Start step step2\(28\) @0
\[CnC\] Start step step2\(29\) @0
\[CnC\] Start step step2\(3\) @0
\[CnC\] Start step step2\(30\) @0
\[CnC\] Start step step2\(31\) @0
\[CnC\] Start step step2\(32\) @0
\[CnC\] Start step step2\(33\) @0
\[CnC\] Start step step2\(34\) @0
\[CnC\] Start step step2\(35\) @0
\[CnC\] Start step step2\(36\) @0
\[CnC\] Start step step2\(37\) @0
\[CnC\] Start step step2\(38\) @0
\[CnC\] Start step step2\(39\) @0
\[CnC\] Start step step2\(4\) @0
\[CnC\] Start step step2\(40\) @0
\[CnC\] Start step step2\(41\) @0
\[CnC\] Start step step2\(42\) @0
\[CnC\] Start step step2\(43\) @0
\[CnC\] Start step step2\(44\) @0
\[CnC\] Start step step2\(45\) @0
\[CnC\] Start step step2\(46\) @0
\[CnC\] Start step step2\(47\) @0
\[CnC\] Start step step2\(48\) @0
\[CnC\] Start step step2\(49\) @0
\[CnC\] Start step step2\(5\) @0
\[CnC\] Start step step2\(50\) @0
\[CnC\] Start step step2\(51\) @0
\[CnC\] Start step step2\(52\) @0
\[CnC\] Start step step2\(53\) @0
\[CnC\] Start step step2\(54\) @0
\[CnC\] Start step step2\(55\) @0
\[CnC\] Start step step2\(56\) @0
\[CnC\] Start step step2\(57\) @0
\[CnC\] Start step step2\(58\) @0
\[CnC\] Start step step2\(59\) @0
\[CnC\] Start step step2\(6\) @0
\[CnC\] Start step step2\(60\) @0
\[CnC\] Start step step2\(61\) @0
\[CnC\] Start step step2\(62\) @0
\[CnC\] Start step step2\(63\) @0
\[CnC\] Start step step2\(64\) @0
\[CnC\] Start step step2\(65\) @0
\[CnC\] Start step step2\(66\) @0
\[CnC\] Start step step2\(67\) @0
\[CnC\] Start step step2\(68\) @0
\[CnC\] Start step step2\(69\) @0
\[CnC\] Start step step2\(7\) @0
\[CnC\] Start step step2\(70\) @0
\[CnC\] Start step step2\(71\) @0
\[CnC\] Start step step2\(72\) @0
\[CnC\] Start step step2\(73\) @0
\[CnC\] Start step step2\(74\) @0
\[CnC\] Start step step2\(75\) @0
\[CnC\] Start step step2\(76\) @0
\[CnC\] Start step step2\(77\) @0
\[CnC\] Start step step2\(78\) @0
\[CnC\] Start step step2\(79\) @0
\[CnC\] Start step step2\(8\) @0
\[CnC\] Start step step2\(80\) @0
\[CnC\] Start step step2\(81\) @0
\[CnC\] Start step step2\(82\) @0
\[CnC\] Start step step2\(83\) @0
\[CnC\] Start step step2\(84\) @0
\[CnC\] Start step step2\(85\) @0
\[CnC\] Start step step2\(86\) @0
\[CnC\] Start step step2\(87\) @0
\[CnC\] Start step step2\(88\) @0
\[CnC\] Start step step2\(89\) @0
\[CnC\] Start step step2\(9\) @0
\[CnC\] Start step step2\(90\) @0
\[CnC\] Start step step2\(91\) @0
\[CnC\] Start step step2\(92\) @0
\[CnC\] Start step step2\(93\) @0
\[CnC\] Start step step2\(94\) @0
\[CnC\] Start step step2\(95\) @0
\[CnC\] Start step step2\(96\) @0
\[CnC\] Start step step2\(97\) @0
\[CnC\] Start step step2\(98\) @0
\[CnC\] Start step step2\(99\) @0
